GAS LISTING task2.S 			page 1


   1              	.include "my-macro" # подключение файла с макроопределениями
   1              	/* Макроопределение завершения работы */
   2              	
   3              	.macro Finish
   4              	    movl $0, %ebx 	# first argument: exit code
   5              	    movl $1, %eax 	# sys_exit index
   6              	    int  $0x80 		# kernel interrupt
   7              	.endm...
   2              	
   3              	.text
   4              	
   5              	.global _start
   6              	_start:
   7 0000 B8050000 		movl $5, %eax
   7      00
   8 0005 BB010000 		movl $1, %ebx
   8      00
   9              	
  10              	L1:
  11 000a 83F800   		cmpl $0, %eax
  12 000d 7406     		je L2
  13 000f 0FAFD8   		imull %eax, %ebx
  14 0012 48       		decl %eax
  15 0013 EBF5     		jmp L1
  16              	
  17              	L2:
  18              		Finish
  18 0015 BB000000 	>  movl $0,%ebx
  18      00
  18 001a B8010000 	>  movl $1,%eax
  18      00
  18 001f CD80     	>  int $0x80
  19              	.end
GAS LISTING task2.S 			page 2


DEFINED SYMBOLS
             task2.S:6      .text:0000000000000000 _start
             task2.S:10     .text:000000000000000a L1
             task2.S:17     .text:0000000000000015 L2

NO UNDEFINED SYMBOLS
